INFO:     Started server process [68652]
INFO:     Waiting for application startup.
INFO:     Application startup complete.
INFO:     Uvicorn running on http://127.0.0.1:8080 (Press CTRL+C to quit)
2026-05-27 21:35:48,498 INFO bot.telegram: Telegram bot started as @vozduhan42bot (8634394010)
2026-05-27 21:35:48,499 INFO aiogram.dispatcher: Start polling
2026-05-27 21:35:48,553 INFO aiogram.dispatcher: Run polling for bot @vozduhan42bot id=8634394010 - 'Vozduhan'
2026-05-27 21:36:24,106 INFO bot.handlers: decision chat=-1002645923512 respond=False priority=0 reason=high engagement, intervention mode, already spoke recently, anti-spam: less than 5 messages since last response
2026-05-27 21:36:24,106 INFO aiogram.event: Update id=473336425 is handled. Duration 31 ms by bot id=8634394010
2026-05-27 21:36:33,056 INFO bot.handlers: decision chat=-1002645923512 respond=False priority=0 reason=high engagement, intervention mode, short joke window, already spoke recently, anti-spam: less than 5 messages since last response
2026-05-27 21:36:33,057 INFO aiogram.event: Update id=473336426 is handled. Duration 16 ms by bot id=8634394010
2026-05-27 21:36:43,613 INFO bot.handlers: decision chat=-1002645923512 respond=False priority=0 reason=high engagement, intervention mode, already spoke recently, anti-spam: less than 5 messages since last response, random intervention
2026-05-27 21:36:43,614 INFO aiogram.event: Update id=473336427 is handled. Duration 15 ms by bot id=8634394010
2026-05-27 21:42:57,170 INFO aiogram.event: Update id=473336428 is not handled. Duration 0 ms by bot id=8634394010
2026-05-27 21:43:33,788 INFO bot.handlers: decision chat=-1002645923512 respond=False priority=0 reason=high engagement, intervention mode, short joke window, already spoke recently
2026-05-27 21:43:38,139 INFO aiogram.event: Update id=473336429 is handled. Duration 4375 ms by bot id=8634394010
2026-05-27 21:48:59,952 INFO bot.handlers: decision chat=-1002645923512 respond=False priority=25 reason=high engagement, intervention mode, already spoke recently, random intervention
2026-05-27 21:48:59,953 INFO aiogram.event: Update id=473336430 is handled. Duration 14 ms by bot id=8634394010
2026-05-27 21:49:12,840 INFO aiogram.event: Update id=473336431 is not handled. Duration 0 ms by bot id=8634394010
2026-05-27 21:49:28,517 INFO bot.handlers: decision chat=-1002645923512 respond=False priority=0 reason=high engagement, intervention mode, already spoke recently
2026-05-27 21:49:28,517 INFO aiogram.event: Update id=473336432 is handled. Duration 16 ms by bot id=8634394010
2026-05-27 21:49:55,823 INFO aiogram.event: Update id=473336433 is not handled. Duration 0 ms by bot id=8634394010
2026-05-27 21:50:50,659 INFO bot.handlers: decision chat=-1002645923512 respond=False priority=0 reason=high engagement, intervention mode, already spoke recently
2026-05-27 21:50:50,659 INFO aiogram.event: Update id=473336434 is handled. Duration 15 ms by bot id=8634394010
2026-05-27 21:53:44,586 INFO bot.handlers: decision chat=-1002645923512 respond=False priority=0 reason=high engagement, intervention mode, already spoke recently
2026-05-27 21:53:44,587 INFO aiogram.event: Update id=473336435 is handled. Duration 30 ms by bot id=8634394010
2026-05-27 21:54:01,327 INFO bot.handlers: decision chat=-1002645923512 respond=False priority=25 reason=high engagement, intervention mode, short joke window
2026-05-27 21:54:01,327 INFO aiogram.event: Update id=473336436 is handled. Duration 14 ms by bot id=8634394010
2026-05-27 21:54:08,823 INFO bot.handlers: decision chat=-1002645923512 respond=True priority=55 reason=high engagement, intervention mode, random intervention
2026-05-27 21:54:12,723 INFO aiogram.event: Update id=473336437 is handled. Duration 3905 ms by bot id=8634394010
2026-05-27 21:54:14,141 INFO bot.handlers: decision chat=-1002645923512 respond=False priority=0 reason=high engagement, intervention mode, short joke window, cooldown, already spoke recently, anti-spam: less than 5 messages since last response
2026-05-27 21:54:14,142 INFO aiogram.event: Update id=473336438 is handled. Duration 16 ms by bot id=8634394010
2026-05-27 21:54:16,203 INFO bot.handlers: decision chat=-1002645923512 respond=False priority=0 reason=high engagement, intervention mode, short joke window, cooldown, already spoke recently, anti-spam: less than 5 messages since last response, random intervention
2026-05-27 21:54:16,204 INFO aiogram.event: Update id=473336439 is handled. Duration 14 ms by bot id=8634394010
2026-05-27 21:54:18,365 INFO bot.handlers: decision chat=-1002645923512 respond=True priority=5 reason=addressed, high engagement, intervention mode, short joke window, cooldown, already spoke recently
2026-05-27 21:54:18,969 INFO aiogram.event: Update id=473336440 is handled. Duration 625 ms by bot id=8634394010
2026-05-27 21:54:20,296 INFO bot.handlers: decision chat=-1002645923512 respond=False priority=0 reason=high engagement, intervention mode, short joke window, cooldown, already spoke recently, anti-spam: less than 5 messages since last response
2026-05-27 21:54:20,297 INFO aiogram.event: Update id=473336441 is handled. Duration 15 ms by bot id=8634394010
2026-05-27 21:54:23,264 INFO bot.handlers: decision chat=-1002645923512 respond=False priority=0 reason=high engagement, intervention mode, short joke window, cooldown, already spoke recently, anti-spam: less than 5 messages since last response, random intervention
2026-05-27 21:54:23,265 INFO aiogram.event: Update id=473336442 is handled. Duration 16 ms by bot id=8634394010
2026-05-27 21:54:29,920 INFO bot.handlers: decision chat=-1002645923512 respond=False priority=0 reason=high engagement, intervention mode, short joke window, cooldown, already spoke recently, anti-spam: less than 5 messages since last response
2026-05-27 21:54:29,921 INFO aiogram.event: Update id=473336443 is handled. Duration 15 ms by bot id=8634394010
2026-05-27 21:54:40,264 INFO bot.handlers: decision chat=-1002645923512 respond=False priority=0 reason=high engagement, intervention mode, short joke window, cooldown, already spoke recently, anti-spam: less than 5 messages since last response, random intervention
2026-05-27 21:54:40,265 INFO aiogram.event: Update id=473336444 is handled. Duration 16 ms by bot id=8634394010
2026-05-27 21:54:41,067 INFO bot.handlers: decision chat=-1002645923512 respond=False priority=0 reason=high engagement, intervention mode, short joke window, cooldown, already spoke recently
2026-05-27 21:54:41,067 INFO aiogram.event: Update id=473336445 is handled. Duration 0 ms by bot id=8634394010
2026-05-27 21:54:45,357 INFO bot.handlers: decision chat=-1002645923512 respond=False priority=0 reason=high engagement, intervention mode, already spoke recently, boring
2026-05-27 21:54:45,358 INFO aiogram.event: Update id=473336446 is handled. Duration 15 ms by bot id=8634394010
2026-05-27 21:54:46,562 INFO bot.handlers: decision chat=-1002645923512 respond=False priority=0 reason=high engagement, intervention mode, short joke window, cooldown, already spoke recently, random intervention
2026-05-27 21:54:46,562 INFO aiogram.event: Update id=473336447 is handled. Duration 16 ms by bot id=8634394010
2026-05-27 21:54:46,766 INFO bot.handlers: decision chat=-1002645923512 respond=False priority=0 reason=high engagement, intervention mode, short joke window, already spoke recently
2026-05-27 21:54:46,767 INFO aiogram.event: Update id=473336448 is handled. Duration 16 ms by bot id=8634394010
2026-05-27 21:54:51,270 INFO bot.handlers: decision chat=-1002645923512 respond=False priority=0 reason=high engagement, intervention mode, short joke window, cooldown, already spoke recently
2026-05-27 21:54:51,271 INFO aiogram.event: Update id=473336449 is handled. Duration 16 ms by bot id=8634394010
2026-05-27 21:54:57,312 INFO bot.handlers: decision chat=-1002645923512 respond=False priority=0 reason=high engagement, intervention mode, short joke window, cooldown
2026-05-27 21:54:57,313 INFO aiogram.event: Update id=473336450 is handled. Duration 16 ms by bot id=8634394010
2026-05-27 21:54:58,391 INFO bot.handlers: decision chat=-1002645923512 respond=False priority=0 reason=high engagement, intervention mode, short joke window, cooldown
2026-05-27 21:54:58,391 INFO aiogram.event: Update id=473336451 is handled. Duration 16 ms by bot id=8634394010
2026-05-27 21:56:22,767 INFO bot.handlers: decision chat=-1002645923512 respond=False priority=10 reason=intervention mode
2026-05-27 21:56:22,768 INFO aiogram.event: Update id=473336452 is handled. Duration 16 ms by bot id=8634394010
2026-05-27 22:11:40,376 ERROR aiogram.dispatcher: Failed to fetch updates - TelegramNetworkError: HTTP Client says - ClientOSError: [WinError 1236] The network connection was aborted by the local system
2026-05-27 22:11:40,384 WARNING aiogram.dispatcher: Sleep for 1.000000 seconds and try again... (tryings = 0, bot id = 8634394010)
2026-05-27 22:11:51,568 INFO aiogram.dispatcher: Connection established (tryings = 1, bot id = 8634394010)
2026-05-27 22:16:03,560 ERROR aiogram.dispatcher: Failed to fetch updates - TelegramNetworkError: HTTP Client says - Request timeout error
2026-05-27 22:16:03,567 WARNING aiogram.dispatcher: Sleep for 1.000000 seconds and try again... (tryings = 0, bot id = 8634394010)
2026-05-27 22:16:14,742 INFO aiogram.dispatcher: Connection established (tryings = 1, bot id = 8634394010)
2026-05-27 22:21:06,570 ERROR aiogram.dispatcher: Failed to fetch updates - TelegramNetworkError: HTTP Client says - Request timeout error
2026-05-27 22:21:06,572 WARNING aiogram.dispatcher: Sleep for 1.000000 seconds and try again... (tryings = 0, bot id = 8634394010)
2026-05-27 22:21:17,728 INFO aiogram.dispatcher: Connection established (tryings = 1, bot id = 8634394010)
2026-05-27 22:26:09,571 ERROR aiogram.dispatcher: Failed to fetch updates - TelegramNetworkError: HTTP Client says - Request timeout error
2026-05-27 22:26:09,579 WARNING aiogram.dispatcher: Sleep for 1.000000 seconds and try again... (tryings = 0, bot id = 8634394010)
2026-05-27 22:26:20,778 INFO aiogram.dispatcher: Connection established (tryings = 1, bot id = 8634394010)
2026-05-27 22:26:55,398 ERROR aiogram.dispatcher: Failed to fetch updates - TelegramConflictError: Telegram server says - Conflict: terminated by other getUpdates request; make sure that only one bot instance is running
2026-05-27 22:26:55,406 WARNING aiogram.dispatcher: Sleep for 1.000000 seconds and try again... (tryings = 0, bot id = 8634394010)
2026-05-27 22:27:00,477 ERROR aiogram.dispatcher: Failed to fetch updates - TelegramConflictError: Telegram server says - Conflict: terminated by other getUpdates request; make sure that only one bot instance is running
2026-05-27 22:27:00,478 WARNING aiogram.dispatcher: Sleep for 1.256340 seconds and try again... (tryings = 1, bot id = 8634394010)
2026-05-27 22:27:06,050 ERROR aiogram.dispatcher: Failed to fetch updates - TelegramConflictError: Telegram server says - Conflict: terminated by other getUpdates request; make sure that only one bot instance is running
2026-05-27 22:27:06,051 WARNING aiogram.dispatcher: Sleep for 1.588533 seconds and try again... (tryings = 2, bot id = 8634394010)
2026-05-27 22:27:12,242 ERROR aiogram.dispatcher: Failed to fetch updates - TelegramConflictError: Telegram server says - Conflict: terminated by other getUpdates request; make sure that only one bot instance is running
2026-05-27 22:27:12,243 WARNING aiogram.dispatcher: Sleep for 2.218994 seconds and try again... (tryings = 3, bot id = 8634394010)
2026-05-27 22:27:19,600 ERROR aiogram.dispatcher: Failed to fetch updates - TelegramConflictError: Telegram server says - Conflict: terminated by other getUpdates request; make sure that only one bot instance is running
2026-05-27 22:27:19,601 WARNING aiogram.dispatcher: Sleep for 2.931805 seconds and try again... (tryings = 4, bot id = 8634394010)
2026-05-27 22:27:28,396 ERROR aiogram.dispatcher: Failed to fetch updates - TelegramConflictError: Telegram server says - Conflict: terminated by other getUpdates request; make sure that only one bot instance is running
2026-05-27 22:27:28,397 WARNING aiogram.dispatcher: Sleep for 3.916470 seconds and try again... (tryings = 5, bot id = 8634394010)
2026-05-27 22:27:35,904 ERROR aiogram.dispatcher: Failed to fetch updates - TelegramConflictError: Telegram server says - Conflict: terminated by other getUpdates request; make sure that only one bot instance is running
2026-05-27 22:27:35,906 WARNING aiogram.dispatcher: Sleep for 4.875456 seconds and try again... (tryings = 6, bot id = 8634394010)
2026-05-27 22:27:45,405 ERROR aiogram.dispatcher: Failed to fetch updates - TelegramConflictError: Telegram server says - Conflict: terminated by other getUpdates request; make sure that only one bot instance is running
2026-05-27 22:27:45,406 WARNING aiogram.dispatcher: Sleep for 5.107607 seconds and try again... (tryings = 7, bot id = 8634394010)
2026-05-27 22:27:55,662 ERROR aiogram.dispatcher: Failed to fetch updates - TelegramConflictError: Telegram server says - Conflict: terminated by other getUpdates request; make sure that only one bot instance is running
2026-05-27 22:27:55,664 WARNING aiogram.dispatcher: Sleep for 5.025421 seconds and try again... (tryings = 8, bot id = 8634394010)
2026-05-27 22:28:05,924 ERROR aiogram.dispatcher: Failed to fetch updates - TelegramConflictError: Telegram server says - Conflict: terminated by other getUpdates request; make sure that only one bot instance is running
2026-05-27 22:28:05,926 WARNING aiogram.dispatcher: Sleep for 4.938194 seconds and try again... (tryings = 9, bot id = 8634394010)
2026-05-27 22:28:15,979 ERROR aiogram.dispatcher: Failed to fetch updates - TelegramConflictError: Telegram server says - Conflict: terminated by other getUpdates request; make sure that only one bot instance is running
2026-05-27 22:28:15,980 WARNING aiogram.dispatcher: Sleep for 4.929615 seconds and try again... (tryings = 10, bot id = 8634394010)
2026-05-27 22:28:26,035 ERROR aiogram.dispatcher: Failed to fetch updates - TelegramConflictError: Telegram server says - Conflict: terminated by other getUpdates request; make sure that only one bot instance is running
2026-05-27 22:28:26,036 WARNING aiogram.dispatcher: Sleep for 4.913424 seconds and try again... (tryings = 11, bot id = 8634394010)
2026-05-27 22:28:35,871 ERROR aiogram.dispatcher: Failed to fetch updates - TelegramConflictError: Telegram server says - Conflict: terminated by other getUpdates request; make sure that only one bot instance is running
2026-05-27 22:28:35,872 WARNING aiogram.dispatcher: Sleep for 5.135294 seconds and try again... (tryings = 12, bot id = 8634394010)
2026-05-27 22:28:46,049 ERROR aiogram.dispatcher: Failed to fetch updates - TelegramConflictError: Telegram server says - Conflict: terminated by other getUpdates request; make sure that only one bot instance is running
2026-05-27 22:28:46,050 WARNING aiogram.dispatcher: Sleep for 5.100336 seconds and try again... (tryings = 13, bot id = 8634394010)
2026-05-27 22:28:56,140 ERROR aiogram.dispatcher: Failed to fetch updates - TelegramConflictError: Telegram server says - Conflict: terminated by other getUpdates request; make sure that only one bot instance is running
2026-05-27 22:28:56,141 WARNING aiogram.dispatcher: Sleep for 4.912383 seconds and try again... (tryings = 14, bot id = 8634394010)
2026-05-27 22:29:05,997 ERROR aiogram.dispatcher: Failed to fetch updates - TelegramConflictError: Telegram server says - Conflict: terminated by other getUpdates request; make sure that only one bot instance is running
2026-05-27 22:29:05,998 WARNING aiogram.dispatcher: Sleep for 4.990244 seconds and try again... (tryings = 15, bot id = 8634394010)
2026-05-27 22:29:16,146 ERROR aiogram.dispatcher: Failed to fetch updates - TelegramConflictError: Telegram server says - Conflict: terminated by other getUpdates request; make sure that only one bot instance is running
2026-05-27 22:29:16,148 WARNING aiogram.dispatcher: Sleep for 5.117249 seconds and try again... (tryings = 16, bot id = 8634394010)
2026-05-27 22:29:26,462 ERROR aiogram.dispatcher: Failed to fetch updates - TelegramConflictError: Telegram server says - Conflict: terminated by other getUpdates request; make sure that only one bot instance is running
2026-05-27 22:29:26,464 WARNING aiogram.dispatcher: Sleep for 5.177476 seconds and try again... (tryings = 17, bot id = 8634394010)
2026-05-27 22:29:36,645 ERROR aiogram.dispatcher: Failed to fetch updates - TelegramConflictError: Telegram server says - Conflict: terminated by other getUpdates request; make sure that only one bot instance is running
2026-05-27 22:29:36,647 WARNING aiogram.dispatcher: Sleep for 5.072670 seconds and try again... (tryings = 18, bot id = 8634394010)
2026-05-27 22:29:47,106 ERROR aiogram.dispatcher: Failed to fetch updates - TelegramConflictError: Telegram server says - Conflict: terminated by other getUpdates request; make sure that only one bot instance is running
2026-05-27 22:29:47,108 WARNING aiogram.dispatcher: Sleep for 5.116830 seconds and try again... (tryings = 19, bot id = 8634394010)
2026-05-27 22:29:57,206 ERROR aiogram.dispatcher: Failed to fetch updates - TelegramConflictError: Telegram server says - Conflict: terminated by other getUpdates request; make sure that only one bot instance is running
2026-05-27 22:29:57,208 WARNING aiogram.dispatcher: Sleep for 5.105509 seconds and try again... (tryings = 20, bot id = 8634394010)
2026-05-27 22:31:12,569 ERROR aiogram.dispatcher: Failed to fetch updates - TelegramNetworkError: HTTP Client says - Request timeout error
2026-05-27 22:31:12,578 WARNING aiogram.dispatcher: Sleep for 4.953196 seconds and try again... (tryings = 21, bot id = 8634394010)
2026-05-27 22:31:21,674 ERROR aiogram.dispatcher: Failed to fetch updates - TelegramConflictError: Telegram server says - Conflict: terminated by other getUpdates request; make sure that only one bot instance is running
2026-05-27 22:31:21,675 WARNING aiogram.dispatcher: Sleep for 5.069569 seconds and try again... (tryings = 22, bot id = 8634394010)
2026-05-27 22:31:30,960 ERROR aiogram.dispatcher: Failed to fetch updates - TelegramConflictError: Telegram server says - Conflict: terminated by other getUpdates request; make sure that only one bot instance is running
2026-05-27 22:31:30,961 WARNING aiogram.dispatcher: Sleep for 4.935403 seconds and try again... (tryings = 23, bot id = 8634394010)
2026-05-27 22:31:40,295 ERROR aiogram.dispatcher: Failed to fetch updates - TelegramConflictError: Telegram server says - Conflict: terminated by other getUpdates request; make sure that only one bot instance is running
2026-05-27 22:31:40,297 WARNING aiogram.dispatcher: Sleep for 5.080241 seconds and try again... (tryings = 24, bot id = 8634394010)
2026-05-27 22:31:50,732 ERROR aiogram.dispatcher: Failed to fetch updates - TelegramConflictError: Telegram server says - Conflict: terminated by other getUpdates request; make sure that only one bot instance is running
2026-05-27 22:31:50,734 WARNING aiogram.dispatcher: Sleep for 5.049562 seconds and try again... (tryings = 25, bot id = 8634394010)
2026-05-27 22:32:01,185 ERROR aiogram.dispatcher: Failed to fetch updates - TelegramConflictError: Telegram server says - Conflict: terminated by other getUpdates request; make sure that only one bot instance is running
2026-05-27 22:32:01,187 WARNING aiogram.dispatcher: Sleep for 4.872224 seconds and try again... (tryings = 26, bot id = 8634394010)
2026-05-27 22:32:09,206 ERROR aiogram.dispatcher: Failed to fetch updates - TelegramConflictError: Telegram server says - Conflict: terminated by other getUpdates request; make sure that only one bot instance is running
2026-05-27 22:32:09,208 WARNING aiogram.dispatcher: Sleep for 4.941289 seconds and try again... (tryings = 27, bot id = 8634394010)
2026-05-27 22:32:18,098 ERROR aiogram.dispatcher: Failed to fetch updates - TelegramConflictError: Telegram server says - Conflict: terminated by other getUpdates request; make sure that only one bot instance is running
2026-05-27 22:32:18,099 WARNING aiogram.dispatcher: Sleep for 4.856635 seconds and try again... (tryings = 28, bot id = 8634394010)
2026-05-27 22:32:27,942 ERROR aiogram.dispatcher: Failed to fetch updates - TelegramConflictError: Telegram server says - Conflict: terminated by other getUpdates request; make sure that only one bot instance is running
2026-05-27 22:32:27,944 WARNING aiogram.dispatcher: Sleep for 5.088829 seconds and try again... (tryings = 29, bot id = 8634394010)
2026-05-27 22:32:38,063 ERROR aiogram.dispatcher: Failed to fetch updates - TelegramConflictError: Telegram server says - Conflict: terminated by other getUpdates request; make sure that only one bot instance is running
2026-05-27 22:32:38,064 WARNING aiogram.dispatcher: Sleep for 4.896761 seconds and try again... (tryings = 30, bot id = 8634394010)
2026-05-27 22:32:48,101 ERROR aiogram.dispatcher: Failed to fetch updates - TelegramConflictError: Telegram server says - Conflict: terminated by other getUpdates request; make sure that only one bot instance is running
2026-05-27 22:32:48,103 WARNING aiogram.dispatcher: Sleep for 4.924963 seconds and try again... (tryings = 31, bot id = 8634394010)
2026-05-27 22:32:58,275 ERROR aiogram.dispatcher: Failed to fetch updates - TelegramConflictError: Telegram server says - Conflict: terminated by other getUpdates request; make sure that only one bot instance is running
2026-05-27 22:32:58,276 WARNING aiogram.dispatcher: Sleep for 4.957566 seconds and try again... (tryings = 32, bot id = 8634394010)
2026-05-27 22:33:08,405 ERROR aiogram.dispatcher: Failed to fetch updates - TelegramConflictError: Telegram server says - Conflict: terminated by other getUpdates request; make sure that only one bot instance is running
2026-05-27 22:33:08,406 WARNING aiogram.dispatcher: Sleep for 5.034211 seconds and try again... (tryings = 33, bot id = 8634394010)
2026-05-27 22:33:18,386 ERROR aiogram.dispatcher: Failed to fetch updates - TelegramConflictError: Telegram server says - Conflict: terminated by other getUpdates request; make sure that only one bot instance is running
2026-05-27 22:33:18,388 WARNING aiogram.dispatcher: Sleep for 4.936608 seconds and try again... (tryings = 34, bot id = 8634394010)
2026-05-27 22:33:28,461 ERROR aiogram.dispatcher: Failed to fetch updates - TelegramConflictError: Telegram server says - Conflict: terminated by other getUpdates request; make sure that only one bot instance is running
2026-05-27 22:33:28,462 WARNING aiogram.dispatcher: Sleep for 5.016995 seconds and try again... (tryings = 35, bot id = 8634394010)
2026-05-27 22:33:38,605 ERROR aiogram.dispatcher: Failed to fetch updates - TelegramConflictError: Telegram server says - Conflict: terminated by other getUpdates request; make sure that only one bot instance is running
2026-05-27 22:33:38,607 WARNING aiogram.dispatcher: Sleep for 5.127767 seconds and try again... (tryings = 36, bot id = 8634394010)
2026-05-27 22:33:48,746 ERROR aiogram.dispatcher: Failed to fetch updates - TelegramConflictError: Telegram server says - Conflict: terminated by other getUpdates request; make sure that only one bot instance is running
2026-05-27 22:33:48,748 WARNING aiogram.dispatcher: Sleep for 4.978049 seconds and try again... (tryings = 37, bot id = 8634394010)
2026-05-27 22:33:58,630 ERROR aiogram.dispatcher: Failed to fetch updates - TelegramConflictError: Telegram server says - Conflict: terminated by other getUpdates request; make sure that only one bot instance is running
2026-05-27 22:33:58,631 WARNING aiogram.dispatcher: Sleep for 5.041547 seconds and try again... (tryings = 38, bot id = 8634394010)
2026-05-27 22:34:08,729 ERROR aiogram.dispatcher: Failed to fetch updates - TelegramConflictError: Telegram server says - Conflict: terminated by other getUpdates request; make sure that only one bot instance is running
2026-05-27 22:34:08,730 WARNING aiogram.dispatcher: Sleep for 4.964139 seconds and try again... (tryings = 39, bot id = 8634394010)
2026-05-27 22:34:18,570 ERROR aiogram.dispatcher: Failed to fetch updates - TelegramConflictError: Telegram server says - Conflict: terminated by other getUpdates request; make sure that only one bot instance is running
2026-05-27 22:34:18,572 WARNING aiogram.dispatcher: Sleep for 5.135729 seconds and try again... (tryings = 40, bot id = 8634394010)
2026-05-27 22:34:28,821 ERROR aiogram.dispatcher: Failed to fetch updates - TelegramConflictError: Telegram server says - Conflict: terminated by other getUpdates request; make sure that only one bot instance is running
2026-05-27 22:34:28,823 WARNING aiogram.dispatcher: Sleep for 5.121469 seconds and try again... (tryings = 41, bot id = 8634394010)
2026-05-27 22:34:38,962 ERROR aiogram.dispatcher: Failed to fetch updates - TelegramConflictError: Telegram server says - Conflict: terminated by other getUpdates request; make sure that only one bot instance is running
2026-05-27 22:34:38,963 WARNING aiogram.dispatcher: Sleep for 4.944785 seconds and try again... (tryings = 42, bot id = 8634394010)
2026-05-27 22:34:49,021 ERROR aiogram.dispatcher: Failed to fetch updates - TelegramConflictError: Telegram server says - Conflict: terminated by other getUpdates request; make sure that only one bot instance is running
2026-05-27 22:34:49,022 WARNING aiogram.dispatcher: Sleep for 4.866939 seconds and try again... (tryings = 43, bot id = 8634394010)
2026-05-27 22:34:58,932 ERROR aiogram.dispatcher: Failed to fetch updates - TelegramConflictError: Telegram server says - Conflict: terminated by other getUpdates request; make sure that only one bot instance is running
2026-05-27 22:34:58,933 WARNING aiogram.dispatcher: Sleep for 4.955289 seconds and try again... (tryings = 44, bot id = 8634394010)
2026-05-27 22:35:09,035 ERROR aiogram.dispatcher: Failed to fetch updates - TelegramConflictError: Telegram server says - Conflict: terminated by other getUpdates request; make sure that only one bot instance is running
2026-05-27 22:35:09,036 WARNING aiogram.dispatcher: Sleep for 5.018610 seconds and try again... (tryings = 45, bot id = 8634394010)
2026-05-27 22:35:19,221 ERROR aiogram.dispatcher: Failed to fetch updates - TelegramConflictError: Telegram server says - Conflict: terminated by other getUpdates request; make sure that only one bot instance is running
2026-05-27 22:35:19,223 WARNING aiogram.dispatcher: Sleep for 5.140308 seconds and try again... (tryings = 46, bot id = 8634394010)
2026-05-27 22:35:29,402 ERROR aiogram.dispatcher: Failed to fetch updates - TelegramConflictError: Telegram server says - Conflict: terminated by other getUpdates request; make sure that only one bot instance is running
2026-05-27 22:35:29,403 WARNING aiogram.dispatcher: Sleep for 5.009096 seconds and try again... (tryings = 47, bot id = 8634394010)
2026-05-27 22:35:39,683 ERROR aiogram.dispatcher: Failed to fetch updates - TelegramConflictError: Telegram server says - Conflict: terminated by other getUpdates request; make sure that only one bot instance is running
2026-05-27 22:35:39,685 WARNING aiogram.dispatcher: Sleep for 4.977362 seconds and try again... (tryings = 48, bot id = 8634394010)
2026-05-27 22:35:49,742 ERROR aiogram.dispatcher: Failed to fetch updates - TelegramConflictError: Telegram server says - Conflict: terminated by other getUpdates request; make sure that only one bot instance is running
2026-05-27 22:35:49,744 WARNING aiogram.dispatcher: Sleep for 5.139523 seconds and try again... (tryings = 49, bot id = 8634394010)
2026-05-27 22:35:59,858 ERROR aiogram.dispatcher: Failed to fetch updates - TelegramConflictError: Telegram server says - Conflict: terminated by other getUpdates request; make sure that only one bot instance is running
2026-05-27 22:35:59,859 WARNING aiogram.dispatcher: Sleep for 5.037498 seconds and try again... (tryings = 50, bot id = 8634394010)
2026-05-27 22:36:09,916 ERROR aiogram.dispatcher: Failed to fetch updates - TelegramConflictError: Telegram server says - Conflict: terminated by other getUpdates request; make sure that only one bot instance is running
2026-05-27 22:36:09,917 WARNING aiogram.dispatcher: Sleep for 5.221806 seconds and try again... (tryings = 51, bot id = 8634394010)
2026-05-27 22:36:20,352 ERROR aiogram.dispatcher: Failed to fetch updates - TelegramConflictError: Telegram server says - Conflict: terminated by other getUpdates request; make sure that only one bot instance is running
2026-05-27 22:36:20,353 WARNING aiogram.dispatcher: Sleep for 4.984315 seconds and try again... (tryings = 52, bot id = 8634394010)
2026-05-27 22:36:30,376 ERROR aiogram.dispatcher: Failed to fetch updates - TelegramConflictError: Telegram server says - Conflict: terminated by other getUpdates request; make sure that only one bot instance is running
2026-05-27 22:36:30,378 WARNING aiogram.dispatcher: Sleep for 4.923298 seconds and try again... (tryings = 53, bot id = 8634394010)
2026-05-27 22:36:40,293 ERROR aiogram.dispatcher: Failed to fetch updates - TelegramConflictError: Telegram server says - Conflict: terminated by other getUpdates request; make sure that only one bot instance is running
2026-05-27 22:36:40,295 WARNING aiogram.dispatcher: Sleep for 4.964219 seconds and try again... (tryings = 54, bot id = 8634394010)
2026-05-27 22:36:49,317 ERROR aiogram.dispatcher: Failed to fetch updates - TelegramConflictError: Telegram server says - Conflict: terminated by other getUpdates request; make sure that only one bot instance is running
2026-05-27 22:36:49,318 WARNING aiogram.dispatcher: Sleep for 4.934083 seconds and try again... (tryings = 55, bot id = 8634394010)
2026-05-27 22:36:58,512 ERROR aiogram.dispatcher: Failed to fetch updates - TelegramConflictError: Telegram server says - Conflict: terminated by other getUpdates request; make sure that only one bot instance is running
2026-05-27 22:36:58,514 WARNING aiogram.dispatcher: Sleep for 4.875620 seconds and try again... (tryings = 56, bot id = 8634394010)
2026-05-27 22:37:07,961 ERROR aiogram.dispatcher: Failed to fetch updates - TelegramConflictError: Telegram server says - Conflict: terminated by other getUpdates request; make sure that only one bot instance is running
2026-05-27 22:37:07,962 WARNING aiogram.dispatcher: Sleep for 4.935817 seconds and try again... (tryings = 57, bot id = 8634394010)
2026-05-27 22:37:17,818 ERROR aiogram.dispatcher: Failed to fetch updates - TelegramConflictError: Telegram server says - Conflict: terminated by other getUpdates request; make sure that only one bot instance is running
2026-05-27 22:37:17,820 WARNING aiogram.dispatcher: Sleep for 4.697366 seconds and try again... (tryings = 58, bot id = 8634394010)
2026-05-27 22:37:28,068 ERROR aiogram.dispatcher: Failed to fetch updates - TelegramConflictError: Telegram server says - Conflict: terminated by other getUpdates request; make sure that only one bot instance is running
2026-05-27 22:37:28,069 WARNING aiogram.dispatcher: Sleep for 4.631782 seconds and try again... (tryings = 59, bot id = 8634394010)
2026-05-27 22:37:36,315 ERROR aiogram.dispatcher: Failed to fetch updates - TelegramConflictError: Telegram server says - Conflict: terminated by other getUpdates request; make sure that only one bot instance is running
2026-05-27 22:37:36,317 WARNING aiogram.dispatcher: Sleep for 4.813726 seconds and try again... (tryings = 60, bot id = 8634394010)
2026-05-27 22:37:45,490 ERROR aiogram.dispatcher: Failed to fetch updates - TelegramConflictError: Telegram server says - Conflict: terminated by other getUpdates request; make sure that only one bot instance is running
2026-05-27 22:37:45,493 WARNING aiogram.dispatcher: Sleep for 5.147856 seconds and try again... (tryings = 61, bot id = 8634394010)
2026-05-27 22:37:55,878 ERROR aiogram.dispatcher: Failed to fetch updates - TelegramConflictError: Telegram server says - Conflict: terminated by other getUpdates request; make sure that only one bot instance is running
2026-05-27 22:37:55,880 WARNING aiogram.dispatcher: Sleep for 4.898647 seconds and try again... (tryings = 62, bot id = 8634394010)
2026-05-27 22:38:05,988 ERROR aiogram.dispatcher: Failed to fetch updates - TelegramConflictError: Telegram server says - Conflict: terminated by other getUpdates request; make sure that only one bot instance is running
2026-05-27 22:38:05,990 WARNING aiogram.dispatcher: Sleep for 4.963309 seconds and try again... (tryings = 63, bot id = 8634394010)
